
PROGRAM "C:\Documents and Settings\mlab\Desktop\EVM\nano rk abs control\bin\TBDML.abs"

*********************************************************************************************
TARGET SECTION
---------------------------------------------------------------------------------------------
Processor   : Freescale HC12
Memory Model: BANKED
File Format : ELF\DWARF 2.0
Linker      : SmartLinker V-5.0.33 Build 8093, Apr  3 2008

*********************************************************************************************
FILE SECTION
---------------------------------------------------------------------------------------------
MC9S12C128.c.o                          Model: BANKED,        Lang: ANSI-C
main.c.o                                Model: BANKED,        Lang: ANSI-C
Start12.c.o                             Model: BANKED,        Lang: ANSI-C
ASSERT.C.o (ansibf.lib)                 Model: BANKED,        Lang: ANSI-C
EMBEDDED.C.o (ansibf.lib)               Model: BANKED,        Lang: ANSI-C
PRINTF.C.o (ansibf.lib)                 Model: BANKED,        Lang: ANSI-C
STRING.C.o (ansibf.lib)                 Model: BANKED,        Lang: ANSI-C
DADD.C.o (ansibf.lib)                   Model: BANKED,        Lang: ANSI-C
DANSI.C.o (ansibf.lib)                  Model: BANKED,        Lang: ANSI-C
DCMP.C.o (ansibf.lib)                   Model: BANKED,        Lang: ANSI-C
DCONV.C.o (ansibf.lib)                  Model: BANKED,        Lang: ANSI-C
DMUL.C.o (ansibf.lib)                   Model: BANKED,        Lang: ANSI-C
DREGS.C.o (ansibf.lib)                  Model: BANKED,        Lang: ANSI-C
rtshc12.c.o (ansibf.lib)                Model: BANKED,        Lang: ANSI-C
VREGS.C.o (ansibf.lib)                  Model: BANKED,        Lang: ANSI-C
CAN.c.o                                 Model: BANKED,        Lang: ANSI-C
hcs12asm.c.o                            Model: BANKED,        Lang: ANSI-C
nrk.c.o                                 Model: BANKED,        Lang: ANSI-C
nrk_cpu.c.o                             Model: BANKED,        Lang: ANSI-C
nrk_error.c.o                           Model: BANKED,        Lang: ANSI-C
nrk_events.c.o                          Model: BANKED,        Lang: ANSI-C
nrk_idle_task.c.o                       Model: BANKED,        Lang: ANSI-C
nrk_scheduler.c.o                       Model: BANKED,        Lang: ANSI-C
nrk_stack_check.c.o                     Model: BANKED,        Lang: ANSI-C
nrk_task.c.o                            Model: BANKED,        Lang: ANSI-C
nrk_time.c.o                            Model: BANKED,        Lang: ANSI-C
nrk_timer.c.o                           Model: BANKED,        Lang: ANSI-C
PLL.c.o                                 Model: BANKED,        Lang: ANSI-C
nrk_interpreter.c.o                     Model: BANKED,        Lang: ANSI-C

*********************************************************************************************
STARTUP SECTION
---------------------------------------------------------------------------------------------
Entry point: 0xC000 (_Startup)
_startupData is allocated at 0xC00B and uses 6 Bytes
extern struct _tagStartup {
  unsigned nofZeroOut     1
  _Range   pZeroOut       0x500     6103
  _Copy    *toCopyDownBeg 0xC953
} _startupData;

*********************************************************************************************
SECTION-ALLOCATION SECTION
Section Name                    Size  Type     From       To       Segment
---------------------------------------------------------------------------------------------
.init                             11     R     0xC000     0xC00A   ROM_C000
.startData                        10     R     0xC00B     0xC014   ROM_C000
.rodata                          308     R     0xC015     0xC148   ROM_C000
.rodata1                         343     R     0xC149     0xC29F   ROM_C000
NON_BANKED                      1715     R     0xC2A0     0xC952   ROM_C000
.copy                              7     R     0xC953     0xC959   ROM_C000
.text                           8976     R   0x388000   0x38A30F   PAGE_38
.stack                           256   R/W      0x400      0x4FF   RAM
.data                              2   R/W      0x500      0x501   RAM
.abs_section_8                     1   N/I        0x8        0x8   .absSeg0
.abs_section_9                     1   N/I        0x9        0x9   .absSeg1
.abs_section_a                     1   N/I        0xA        0xA   .absSeg2
.abs_section_b                     1   N/I        0xB        0xB   .absSeg3
.abs_section_c                     1   N/I        0xC        0xC   .absSeg4
.abs_section_d                     1   N/I        0xD        0xD   .absSeg5
.abs_section_e                     1   N/I        0xE        0xE   .absSeg6
.abs_section_10                    1   N/I       0x10       0x10   .absSeg7
.abs_section_11                    1   N/I       0x11       0x11   .absSeg8
.abs_section_13                    1   N/I       0x13       0x13   .absSeg9
.abs_section_15                    1   N/I       0x15       0x15   .absSeg10
.abs_section_16                    1   N/I       0x16       0x16   .absSeg11
.abs_section_19                    1   N/I       0x19       0x19   .absSeg12
.abs_section_1c                    1   N/I       0x1C       0x1C   .absSeg13
.abs_section_1d                    1   N/I       0x1D       0x1D   .absSeg14
.abs_section_1e                    1   N/I       0x1E       0x1E   .absSeg15
.abs_section_1f                    1   N/I       0x1F       0x1F   .absSeg16
.abs_section_20                    1   N/I       0x20       0x20   .absSeg17
.abs_section_21                    1   N/I       0x21       0x21   .absSeg18
.abs_section_24                    1   N/I       0x24       0x24   .absSeg19
.abs_section_25                    1   N/I       0x25       0x25   .absSeg20
.abs_section_28                    1   N/I       0x28       0x28   .absSeg21
.abs_section_29                    1   N/I       0x29       0x29   .absSeg22
.abs_section_2a                    1   N/I       0x2A       0x2A   .absSeg23
.abs_section_2d                    1   N/I       0x2D       0x2D   .absSeg24
.abs_section_30                    1   N/I       0x30       0x30   .absSeg25
.abs_section_34                    1   N/I       0x34       0x34   .absSeg26
.abs_section_35                    1   N/I       0x35       0x35   .absSeg27
.abs_section_37                    1   N/I       0x37       0x37   .absSeg28
.abs_section_38                    1   N/I       0x38       0x38   .absSeg29
.abs_section_39                    1   N/I       0x39       0x39   .absSeg30
.abs_section_3a                    1   N/I       0x3A       0x3A   .absSeg31
.abs_section_3b                    1   N/I       0x3B       0x3B   .absSeg32
.abs_section_3c                    1   N/I       0x3C       0x3C   .absSeg33
.abs_section_3f                    1   N/I       0x3F       0x3F   .absSeg34
.abs_section_40                    1   N/I       0x40       0x40   .absSeg35
.abs_section_41                    1   N/I       0x41       0x41   .absSeg36
.abs_section_42                    1   N/I       0x42       0x42   .absSeg37
.abs_section_43                    1   N/I       0x43       0x43   .absSeg38
.abs_section_46                    1   N/I       0x46       0x46   .absSeg39
.abs_section_47                    1   N/I       0x47       0x47   .absSeg40
.abs_section_48                    1   N/I       0x48       0x48   .absSeg41
.abs_section_49                    1   N/I       0x49       0x49   .absSeg42
.abs_section_4a                    1   N/I       0x4A       0x4A   .absSeg43
.abs_section_4b                    1   N/I       0x4B       0x4B   .absSeg44
.abs_section_4c                    1   N/I       0x4C       0x4C   .absSeg45
.abs_section_4d                    1   N/I       0x4D       0x4D   .absSeg46
.abs_section_4e                    1   N/I       0x4E       0x4E   .absSeg47
.abs_section_4f                    1   N/I       0x4F       0x4F   .absSeg48
.abs_section_60                    1   N/I       0x60       0x60   .absSeg49
.abs_section_61                    1   N/I       0x61       0x61   .absSeg50
.abs_section_86                    1   N/I       0x86       0x86   .absSeg51
.abs_section_89                    1   N/I       0x89       0x89   .absSeg52
.abs_section_8b                    1   N/I       0x8B       0x8B   .absSeg53
.abs_section_8d                    1   N/I       0x8D       0x8D   .absSeg54
.abs_section_8f                    1   N/I       0x8F       0x8F   .absSeg55
.abs_section_ca                    1   N/I       0xCA       0xCA   .absSeg56
.abs_section_cb                    1   N/I       0xCB       0xCB   .absSeg57
.abs_section_cc                    1   N/I       0xCC       0xCC   .absSeg58
.abs_section_cd                    1   N/I       0xCD       0xCD   .absSeg59
.abs_section_ce                    1   N/I       0xCE       0xCE   .absSeg60
.abs_section_cf                    1   N/I       0xCF       0xCF   .absSeg61
.abs_section_d8                    1   N/I       0xD8       0xD8   .absSeg62
.abs_section_d9                    1   N/I       0xD9       0xD9   .absSeg63
.abs_section_da                    1   N/I       0xDA       0xDA   .absSeg64
.abs_section_db                    1   N/I       0xDB       0xDB   .absSeg65
.abs_section_dd                    1   N/I       0xDD       0xDD   .absSeg66
.abs_section_e0                    1   N/I       0xE0       0xE0   .absSeg67
.abs_section_e1                    1   N/I       0xE1       0xE1   .absSeg68
.abs_section_e2                    1   N/I       0xE2       0xE2   .absSeg69
.abs_section_e3                    1   N/I       0xE3       0xE3   .absSeg70
.abs_section_e4                    1   N/I       0xE4       0xE4   .absSeg71
.abs_section_e5                    1   N/I       0xE5       0xE5   .absSeg72
.abs_section_e8                    1   N/I       0xE8       0xE8   .absSeg73
.abs_section_e9                    1   N/I       0xE9       0xE9   .absSeg74
.abs_section_fe                    1   N/I       0xFE       0xFE   .absSeg75
.abs_section_100                   1   N/I      0x100      0x100   .absSeg76
.abs_section_101                   1   N/I      0x101      0x101   .absSeg77
.abs_section_103                   1   N/I      0x103      0x103   .absSeg78
.abs_section_104                   1   N/I      0x104      0x104   .absSeg79
.abs_section_105                   1   N/I      0x105      0x105   .absSeg80
.abs_section_106                   1   N/I      0x106      0x106   .absSeg81
.abs_section_140                   1   N/I      0x140      0x140   .absSeg82
.abs_section_141                   1   N/I      0x141      0x141   .absSeg83
.abs_section_142                   1   N/I      0x142      0x142   .absSeg84
.abs_section_143                   1   N/I      0x143      0x143   .absSeg85
.abs_section_144                   1   N/I      0x144      0x144   .absSeg86
.abs_section_145                   1   N/I      0x145      0x145   .absSeg87
.abs_section_146                   1   N/I      0x146      0x146   .absSeg88
.abs_section_147                   1   N/I      0x147      0x147   .absSeg89
.abs_section_148                   1   N/I      0x148      0x148   .absSeg90
.abs_section_149                   1   N/I      0x149      0x149   .absSeg91
.abs_section_14a                   1   N/I      0x14A      0x14A   .absSeg92
.abs_section_14b                   1   N/I      0x14B      0x14B   .absSeg93
.abs_section_14e                   1   N/I      0x14E      0x14E   .absSeg94
.abs_section_14f                   1   N/I      0x14F      0x14F   .absSeg95
.abs_section_150                   1   N/I      0x150      0x150   .absSeg96
.abs_section_151                   1   N/I      0x151      0x151   .absSeg97
.abs_section_152                   1   N/I      0x152      0x152   .absSeg98
.abs_section_153                   1   N/I      0x153      0x153   .absSeg99
.abs_section_154                   1   N/I      0x154      0x154   .absSeg100
.abs_section_155                   1   N/I      0x155      0x155   .absSeg101
.abs_section_156                   1   N/I      0x156      0x156   .absSeg102
.abs_section_157                   1   N/I      0x157      0x157   .absSeg103
.abs_section_158                   1   N/I      0x158      0x158   .absSeg104
.abs_section_159                   1   N/I      0x159      0x159   .absSeg105
.abs_section_15a                   1   N/I      0x15A      0x15A   .absSeg106
.abs_section_15b                   1   N/I      0x15B      0x15B   .absSeg107
.abs_section_15c                   1   N/I      0x15C      0x15C   .absSeg108
.abs_section_15d                   1   N/I      0x15D      0x15D   .absSeg109
.abs_section_15e                   1   N/I      0x15E      0x15E   .absSeg110
.abs_section_15f                   1   N/I      0x15F      0x15F   .absSeg111
.abs_section_160                   1   N/I      0x160      0x160   .absSeg112
.abs_section_161                   1   N/I      0x161      0x161   .absSeg113
.abs_section_162                   1   N/I      0x162      0x162   .absSeg114
.abs_section_163                   1   N/I      0x163      0x163   .absSeg115
.abs_section_164                   1   N/I      0x164      0x164   .absSeg116
.abs_section_165                   1   N/I      0x165      0x165   .absSeg117
.abs_section_166                   1   N/I      0x166      0x166   .absSeg118
.abs_section_167                   1   N/I      0x167      0x167   .absSeg119
.abs_section_168                   1   N/I      0x168      0x168   .absSeg120
.abs_section_169                   1   N/I      0x169      0x169   .absSeg121
.abs_section_16a                   1   N/I      0x16A      0x16A   .absSeg122
.abs_section_16b                   1   N/I      0x16B      0x16B   .absSeg123
.abs_section_16c                   1   N/I      0x16C      0x16C   .absSeg124
.abs_section_170                   1   N/I      0x170      0x170   .absSeg125
.abs_section_171                   1   N/I      0x171      0x171   .absSeg126
.abs_section_172                   1   N/I      0x172      0x172   .absSeg127
.abs_section_173                   1   N/I      0x173      0x173   .absSeg128
.abs_section_174                   1   N/I      0x174      0x174   .absSeg129
.abs_section_175                   1   N/I      0x175      0x175   .absSeg130
.abs_section_176                   1   N/I      0x176      0x176   .absSeg131
.abs_section_177                   1   N/I      0x177      0x177   .absSeg132
.abs_section_178                   1   N/I      0x178      0x178   .absSeg133
.abs_section_179                   1   N/I      0x179      0x179   .absSeg134
.abs_section_17a                   1   N/I      0x17A      0x17A   .absSeg135
.abs_section_17b                   1   N/I      0x17B      0x17B   .absSeg136
.abs_section_17c                   1   N/I      0x17C      0x17C   .absSeg137
.abs_section_17d                   1   N/I      0x17D      0x17D   .absSeg138
.abs_section_240                   1   N/I      0x240      0x240   .absSeg139
.abs_section_241                   1   N/I      0x241      0x241   .absSeg140
.abs_section_242                   1   N/I      0x242      0x242   .absSeg141
.abs_section_243                   1   N/I      0x243      0x243   .absSeg142
.abs_section_244                   1   N/I      0x244      0x244   .absSeg143
.abs_section_245                   1   N/I      0x245      0x245   .absSeg144
.abs_section_247                   1   N/I      0x247      0x247   .absSeg145
.abs_section_248                   1   N/I      0x248      0x248   .absSeg146
.abs_section_249                   1   N/I      0x249      0x249   .absSeg147
.abs_section_24a                   1   N/I      0x24A      0x24A   .absSeg148
.abs_section_24b                   1   N/I      0x24B      0x24B   .absSeg149
.abs_section_24c                   1   N/I      0x24C      0x24C   .absSeg150
.abs_section_24d                   1   N/I      0x24D      0x24D   .absSeg151
.abs_section_24e                   1   N/I      0x24E      0x24E   .absSeg152
.abs_section_250                   1   N/I      0x250      0x250   .absSeg153
.abs_section_251                   1   N/I      0x251      0x251   .absSeg154
.abs_section_252                   1   N/I      0x252      0x252   .absSeg155
.abs_section_253                   1   N/I      0x253      0x253   .absSeg156
.abs_section_254                   1   N/I      0x254      0x254   .absSeg157
.abs_section_255                   1   N/I      0x255      0x255   .absSeg158
.abs_section_256                   1   N/I      0x256      0x256   .absSeg159
.abs_section_258                   1   N/I      0x258      0x258   .absSeg160
.abs_section_259                   1   N/I      0x259      0x259   .absSeg161
.abs_section_25a                   1   N/I      0x25A      0x25A   .absSeg162
.abs_section_25b                   1   N/I      0x25B      0x25B   .absSeg163
.abs_section_25c                   1   N/I      0x25C      0x25C   .absSeg164
.abs_section_25d                   1   N/I      0x25D      0x25D   .absSeg165
.abs_section_25e                   1   N/I      0x25E      0x25E   .absSeg166
.abs_section_25f                   1   N/I      0x25F      0x25F   .absSeg167
.abs_section_268                   1   N/I      0x268      0x268   .absSeg168
.abs_section_269                   1   N/I      0x269      0x269   .absSeg169
.abs_section_26a                   1   N/I      0x26A      0x26A   .absSeg170
.abs_section_26b                   1   N/I      0x26B      0x26B   .absSeg171
.abs_section_26c                   1   N/I      0x26C      0x26C   .absSeg172
.abs_section_26d                   1   N/I      0x26D      0x26D   .absSeg173
.abs_section_26e                   1   N/I      0x26E      0x26E   .absSeg174
.abs_section_26f                   1   N/I      0x26F      0x26F   .absSeg175
.abs_section_270                   1   N/I      0x270      0x270   .absSeg176
.abs_section_271                   1   N/I      0x271      0x271   .absSeg177
.abs_section_272                   1   N/I      0x272      0x272   .absSeg178
.abs_section_273                   1   N/I      0x273      0x273   .absSeg179
.abs_section_274                   1   N/I      0x274      0x274   .absSeg180
.abs_section_275                   1   N/I      0x275      0x275   .absSeg181
.abs_section_0                     2   N/I        0x0        0x1   .absSeg182
.abs_section_2                     2   N/I        0x2        0x3   .absSeg183
.abs_section_1a                    2   N/I       0x1A       0x1B   .absSeg184
.abs_section_22                    2   N/I       0x22       0x23   .absSeg185
.abs_section_26                    2   N/I       0x26       0x27   .absSeg186
.abs_section_2b                    2   N/I       0x2B       0x2C   .absSeg187
.abs_section_2e                    2   N/I       0x2E       0x2F   .absSeg188
.abs_section_44                    2   N/I       0x44       0x45   .absSeg189
.abs_section_50                    2   N/I       0x50       0x51   .absSeg190
.abs_section_52                    2   N/I       0x52       0x53   .absSeg191
.abs_section_54                    2   N/I       0x54       0x55   .absSeg192
.abs_section_56                    2   N/I       0x56       0x57   .absSeg193
.abs_section_58                    2   N/I       0x58       0x59   .absSeg194
.abs_section_5a                    2   N/I       0x5A       0x5B   .absSeg195
.abs_section_5c                    2   N/I       0x5C       0x5D   .absSeg196
.abs_section_5e                    2   N/I       0x5E       0x5F   .absSeg197
.abs_section_62                    2   N/I       0x62       0x63   .absSeg198
.abs_section_82                    2   N/I       0x82       0x83   .absSeg199
.abs_section_84                    2   N/I       0x84       0x85   .absSeg200
.abs_section_90                    2   N/I       0x90       0x91   .absSeg201
.abs_section_92                    2   N/I       0x92       0x93   .absSeg202
.abs_section_94                    2   N/I       0x94       0x95   .absSeg203
.abs_section_96                    2   N/I       0x96       0x97   .absSeg204
.abs_section_98                    2   N/I       0x98       0x99   .absSeg205
.abs_section_9a                    2   N/I       0x9A       0x9B   .absSeg206
.abs_section_9c                    2   N/I       0x9C       0x9D   .absSeg207
.abs_section_9e                    2   N/I       0x9E       0x9F   .absSeg208
.abs_section_c8                    2   N/I       0xC8       0xC9   .absSeg209
.abs_section_ec                    2   N/I       0xEC       0xED   .absSeg210
.abs_section_ee                    2   N/I       0xEE       0xEF   .absSeg211
.abs_section_f0                    2   N/I       0xF0       0xF1   .absSeg212
.abs_section_f2                    2   N/I       0xF2       0xF3   .absSeg213
.abs_section_f4                    2   N/I       0xF4       0xF5   .absSeg214
.abs_section_f6                    2   N/I       0xF6       0xF7   .absSeg215
.abs_section_f8                    2   N/I       0xF8       0xF9   .absSeg216
.abs_section_fa                    2   N/I       0xFA       0xFB   .absSeg217
.abs_section_fc                    2   N/I       0xFC       0xFD   .absSeg218
.abs_section_16e                   2   N/I      0x16E      0x16F   .absSeg219
.abs_section_17e                   2   N/I      0x17E      0x17F   .absSeg220
.abs_section_ffb2                  2     R     0xFFB2     0xFFB3   .absSeg221
.abs_section_ffe0                  2     R     0xFFE0     0xFFE1   .absSeg222
.bss                              22   R/W      0x502      0x517   RAM
.common                         6079   R/W      0x518     0x1CD6   RAM
.vectSeg223_vect                   2     R     0xFFFE     0xFFFF   .vectSeg223

Summary of section sizes per section type:
READ_ONLY (R):        2C70 (dec:    11376)
READ_WRITE (R/W):     18D7 (dec:     6359)
NO_INIT (N/I):         104 (dec:      260)

*********************************************************************************************
VECTOR-ALLOCATION SECTION
    Address     InitValue   InitFunction
---------------------------------------------------------------------------------------------
     0xFFFE        0xC000   _Startup

*********************************************************************************************
OBJECT-ALLOCATION SECTION
     Name               Module                 Addr   hSize   dSize     Ref    Section   RLIB
---------------------------------------------------------------------------------------------
MODULE:                 -- MC9S12C128.c.o --
- PROCEDURES:
- VARIABLES:
     _PORTE                                       8       1       1       0   .abs_section_8
     _DDRE                                        9       1       1       0   .abs_section_9
     _PEAR                                        A       1       1       0   .abs_section_a
     _MODE                                        B       1       1       0   .abs_section_b
     _PUCR                                        C       1       1       0   .abs_section_c
     _RDRIV                                       D       1       1       0   .abs_section_d
     _EBICTL                                      E       1       1       0   .abs_section_e
     _INITRM                                     10       1       1       0   .abs_section_10
     _INITRG                                     11       1       1       0   .abs_section_11
     _MISC                                       13       1       1       0   .abs_section_13
     _ITCR                                       15       1       1       0   .abs_section_15
     _ITEST                                      16       1       1       0   .abs_section_16
     _VREGCTRL                                   19       1       1       0   .abs_section_19
     _MEMSIZ0                                    1C       1       1       0   .abs_section_1c
     _MEMSIZ1                                    1D       1       1       0   .abs_section_1d
     _INTCR                                      1E       1       1       0   .abs_section_1e
     _HPRIO                                      1F       1       1       0   .abs_section_1f
     _DBGC1                                      20       1       1       0   .abs_section_20
     _DBGSC                                      21       1       1       0   .abs_section_21
     _DBGCNT                                     24       1       1       0   .abs_section_24
     _DBGCCX                                     25       1       1       0   .abs_section_25
     _DBGC2                                      28       1       1       0   .abs_section_28
     _DBGC3                                      29       1       1       0   .abs_section_29
     _DBGCAX                                     2A       1       1       0   .abs_section_2a
     _DBGCBX                                     2D       1       1       0   .abs_section_2d
     _PPAGE                                      30       1       1       0   .abs_section_30
     _SYNR                                       34       1       1       1   .abs_section_34
     _REFDV                                      35       1       1       1   .abs_section_35
     _CRGFLG                                     37       1       1       1   .abs_section_37
     _CRGINT                                     38       1       1       0   .abs_section_38
     _CLKSEL                                     39       1       1       1   .abs_section_39
     _PLLCTL                                     3A       1       1       1   .abs_section_3a
     _RTICTL                                     3B       1       1       0   .abs_section_3b
     _COPCTL                                     3C       1       1       0   .abs_section_3c
     _ARMCOP                                     3F       1       1       0   .abs_section_3f
     _TIOS                                       40       1       1       2   .abs_section_40
     _CFORC                                      41       1       1       0   .abs_section_41
     _OC7M                                       42       1       1       0   .abs_section_42
     _OC7D                                       43       1       1       0   .abs_section_43
     _TSCR1                                      46       1       1       2   .abs_section_46
     _TTOV                                       47       1       1       0   .abs_section_47
     _TCTL1                                      48       1       1       0   .abs_section_48
     _TCTL2                                      49       1       1       0   .abs_section_49
     _TCTL3                                      4A       1       1       0   .abs_section_4a
     _TCTL4                                      4B       1       1       0   .abs_section_4b
     _TIE                                        4C       1       1       2   .abs_section_4c
     _TSCR2                                      4D       1       1       2   .abs_section_4d
     _TFLG1                                      4E       1       1       4   .abs_section_4e
     _TFLG2                                      4F       1       1       0   .abs_section_4f
     _PACTL                                      60       1       1       0   .abs_section_60
     _PAFLG                                      61       1       1       0   .abs_section_61
     _ATDSTAT0                                   86       1       1       0   .abs_section_86
     _ATDTEST1                                   89       1       1       0   .abs_section_89
     _ATDSTAT1                                   8B       1       1       0   .abs_section_8b
     _ATDDIEN                                    8D       1       1       0   .abs_section_8d
     _PORTAD0                                    8F       1       1       0   .abs_section_8f
     _SCICR1                                     CA       1       1       0   .abs_section_ca
     _SCICR2                                     CB       1       1       0   .abs_section_cb
     _SCISR1                                     CC       1       1       0   .abs_section_cc
     _SCISR2                                     CD       1       1       0   .abs_section_cd
     _SCIDRH                                     CE       1       1       0   .abs_section_ce
     _SCIDRL                                     CF       1       1       0   .abs_section_cf
     _SPICR1                                     D8       1       1       0   .abs_section_d8
     _SPICR2                                     D9       1       1       0   .abs_section_d9
     _SPIBR                                      DA       1       1       0   .abs_section_da
     _SPISR                                      DB       1       1       0   .abs_section_db
     _SPIDR                                      DD       1       1       0   .abs_section_dd
     _PWME                                       E0       1       1       0   .abs_section_e0
     _PWMPOL                                     E1       1       1       0   .abs_section_e1
     _PWMCLK                                     E2       1       1       0   .abs_section_e2
     _PWMPRCLK                                   E3       1       1       0   .abs_section_e3
     _PWMCAE                                     E4       1       1       0   .abs_section_e4
     _PWMCTL                                     E5       1       1       0   .abs_section_e5
     _PWMSCLA                                    E8       1       1       0   .abs_section_e8
     _PWMSCLB                                    E9       1       1       0   .abs_section_e9
     _PWMSDN                                     FE       1       1       0   .abs_section_fe
     _FCLKDIV                                   100       1       1       0   .abs_section_100
     _FSEC                                      101       1       1       0   .abs_section_101
     _FCNFG                                     103       1       1       0   .abs_section_103
     _FPROT                                     104       1       1       0   .abs_section_104
     _FSTAT                                     105       1       1       0   .abs_section_105
     _FCMD                                      106       1       1       0   .abs_section_106
     _CANCTL0                                   140       1       1       2   .abs_section_140
     _CANCTL1                                   141       1       1       4   .abs_section_141
     _CANBTR0                                   142       1       1       1   .abs_section_142
     _CANBTR1                                   143       1       1       1   .abs_section_143
     _CANRFLG                                   144       1       1       1   .abs_section_144
     _CANRIER                                   145       1       1       1   .abs_section_145
     _CANTFLG                                   146       1       1       0   .abs_section_146
     _CANTIER                                   147       1       1       0   .abs_section_147
     _CANTARQ                                   148       1       1       0   .abs_section_148
     _CANTAAK                                   149       1       1       0   .abs_section_149
     _CANTBSEL                                  14A       1       1       0   .abs_section_14a
     _CANIDAC                                   14B       1       1       1   .abs_section_14b
     _CANRXERR                                  14E       1       1       0   .abs_section_14e
     _CANTXERR                                  14F       1       1       0   .abs_section_14f
     _CANIDAR0                                  150       1       1       0   .abs_section_150
     _CANIDAR1                                  151       1       1       0   .abs_section_151
     _CANIDAR2                                  152       1       1       0   .abs_section_152
     _CANIDAR3                                  153       1       1       0   .abs_section_153
     _CANIDMR0                                  154       1       1       1   .abs_section_154
     _CANIDMR1                                  155       1       1       1   .abs_section_155
     _CANIDMR2                                  156       1       1       1   .abs_section_156
     _CANIDMR3                                  157       1       1       1   .abs_section_157
     _CANIDAR4                                  158       1       1       0   .abs_section_158
     _CANIDAR5                                  159       1       1       0   .abs_section_159
     _CANIDAR6                                  15A       1       1       0   .abs_section_15a
     _CANIDAR7                                  15B       1       1       0   .abs_section_15b
     _CANIDMR4                                  15C       1       1       1   .abs_section_15c
     _CANIDMR5                                  15D       1       1       1   .abs_section_15d
     _CANIDMR6                                  15E       1       1       1   .abs_section_15e
     _CANIDMR7                                  15F       1       1       1   .abs_section_15f
     _CANRXIDR0                                 160       1       1       1   .abs_section_160
     _CANRXIDR1                                 161       1       1       1   .abs_section_161
     _CANRXIDR2                                 162       1       1       0   .abs_section_162
     _CANRXIDR3                                 163       1       1       0   .abs_section_163
     _CANRXDSR0                                 164       1       1       1   .abs_section_164
     _CANRXDSR1                                 165       1       1       0   .abs_section_165
     _CANRXDSR2                                 166       1       1       0   .abs_section_166
     _CANRXDSR3                                 167       1       1       0   .abs_section_167
     _CANRXDSR4                                 168       1       1       0   .abs_section_168
     _CANRXDSR5                                 169       1       1       0   .abs_section_169
     _CANRXDSR6                                 16A       1       1       0   .abs_section_16a
     _CANRXDSR7                                 16B       1       1       0   .abs_section_16b
     _CANRXDLR                                  16C       1       1       1   .abs_section_16c
     _CANTXIDR0                                 170       1       1       0   .abs_section_170
     _CANTXIDR1                                 171       1       1       0   .abs_section_171
     _CANTXIDR2                                 172       1       1       0   .abs_section_172
     _CANTXIDR3                                 173       1       1       0   .abs_section_173
     _CANTXDSR0                                 174       1       1       0   .abs_section_174
     _CANTXDSR1                                 175       1       1       0   .abs_section_175
     _CANTXDSR2                                 176       1       1       0   .abs_section_176
     _CANTXDSR3                                 177       1       1       0   .abs_section_177
     _CANTXDSR4                                 178       1       1       0   .abs_section_178
     _CANTXDSR5                                 179       1       1       0   .abs_section_179
     _CANTXDSR6                                 17A       1       1       0   .abs_section_17a
     _CANTXDSR7                                 17B       1       1       0   .abs_section_17b
     _CANTXDLR                                  17C       1       1       0   .abs_section_17c
     _CANTXTBPR                                 17D       1       1       0   .abs_section_17d
     _PTT                                       240       1       1       0   .abs_section_240
     _PTIT                                      241       1       1       0   .abs_section_241
     _DDRT                                      242       1       1       0   .abs_section_242
     _RDRT                                      243       1       1       0   .abs_section_243
     _PERT                                      244       1       1       0   .abs_section_244
     _PPST                                      245       1       1       0   .abs_section_245
     _MODRR                                     247       1       1       0   .abs_section_247
     _PTS                                       248       1       1       0   .abs_section_248
     _PTIS                                      249       1       1       0   .abs_section_249
     _DDRS                                      24A       1       1       0   .abs_section_24a
     _RDRS                                      24B       1       1       0   .abs_section_24b
     _PERS                                      24C       1       1       0   .abs_section_24c
     _PPSS                                      24D       1       1       0   .abs_section_24d
     _WOMS                                      24E       1       1       0   .abs_section_24e
     _PTM                                       250       1       1       0   .abs_section_250
     _PTIM                                      251       1       1       0   .abs_section_251
     _DDRM                                      252       1       1       0   .abs_section_252
     _RDRM                                      253       1       1       0   .abs_section_253
     _PERM                                      254       1       1       0   .abs_section_254
     _PPSM                                      255       1       1       0   .abs_section_255
     _WOMM                                      256       1       1       0   .abs_section_256
     _PTP                                       258       1       1       0   .abs_section_258
     _PTIP                                      259       1       1       0   .abs_section_259
     _DDRP                                      25A       1       1       0   .abs_section_25a
     _RDRP                                      25B       1       1       0   .abs_section_25b
     _PERP                                      25C       1       1       0   .abs_section_25c
     _PPSP                                      25D       1       1       0   .abs_section_25d
     _PIEP                                      25E       1       1       0   .abs_section_25e
     _PIFP                                      25F       1       1       0   .abs_section_25f
     _PTJ                                       268       1       1       0   .abs_section_268
     _PTIJ                                      269       1       1       0   .abs_section_269
     _DDRJ                                      26A       1       1       0   .abs_section_26a
     _RDRJ                                      26B       1       1       0   .abs_section_26b
     _PERJ                                      26C       1       1       0   .abs_section_26c
     _PPSJ                                      26D       1       1       0   .abs_section_26d
     _PIEJ                                      26E       1       1       0   .abs_section_26e
     _PIFJ                                      26F       1       1       0   .abs_section_26f
     _PTAD                                      270       1       1       0   .abs_section_270
     _PTIAD                                     271       1       1       0   .abs_section_271
     _DDRAD                                     272       1       1       0   .abs_section_272
     _RDRAD                                     273       1       1       0   .abs_section_273
     _PERAD                                     274       1       1       0   .abs_section_274
     _PPSAD                                     275       1       1       0   .abs_section_275
     _PORTAB                                      0       2       2       1   .abs_section_0
     _DDRAB                                       2       2       2       1   .abs_section_2
     _PARTID                                     1A       2       2       0   .abs_section_1a
     _DBGTB                                      22       2       2       0   .abs_section_22
     _DBGCC                                      26       2       2       0   .abs_section_26
     _DBGCA                                      2B       2       2       0   .abs_section_2b
     _DBGCB                                      2E       2       2       0   .abs_section_2e
     _TCNT                                       44       2       2       6   .abs_section_44
     _TC0                                        50       2       2       0   .abs_section_50
     _TC1                                        52       2       2       0   .abs_section_52
     _TC2                                        54       2       2       0   .abs_section_54
     _TC3                                        56       2       2       0   .abs_section_56
     _TC4                                        58       2       2       0   .abs_section_58
     _TC5                                        5A       2       2       0   .abs_section_5a
     _TC6                                        5C       2       2       0   .abs_section_5c
     _TC7                                        5E       2       2      10   .abs_section_5e
     _PACNT                                      62       2       2       0   .abs_section_62
     _ATDCTL23                                   82       2       2       0   .abs_section_82
     _ATDCTL45                                   84       2       2       0   .abs_section_84
     _ATDDR0                                     90       2       2       0   .abs_section_90
     _ATDDR1                                     92       2       2       0   .abs_section_92
     _ATDDR2                                     94       2       2       0   .abs_section_94
     _ATDDR3                                     96       2       2       0   .abs_section_96
     _ATDDR4                                     98       2       2       0   .abs_section_98
     _ATDDR5                                     9A       2       2       0   .abs_section_9a
     _ATDDR6                                     9C       2       2       0   .abs_section_9c
     _ATDDR7                                     9E       2       2       0   .abs_section_9e
     _SCIBD                                      C8       2       2       0   .abs_section_c8
     _PWMCNT01                                   EC       2       2       0   .abs_section_ec
     _PWMCNT23                                   EE       2       2       0   .abs_section_ee
     _PWMCNT45                                   F0       2       2       0   .abs_section_f0
     _PWMPER01                                   F2       2       2       0   .abs_section_f2
     _PWMPER23                                   F4       2       2       0   .abs_section_f4
     _PWMPER45                                   F6       2       2       0   .abs_section_f6
     _PWMDTY01                                   F8       2       2       0   .abs_section_f8
     _PWMDTY23                                   FA       2       2       0   .abs_section_fa
     _PWMDTY45                                   FC       2       2       0   .abs_section_fc
     _CANRXTSR                                  16E       2       2       0   .abs_section_16e
     _CANTXTSR                                  17E       2       2       0   .abs_section_17e
MODULE:                 -- main.c.o --
- PROCEDURES:
     main                                    388000      1F      31       2   .text       
     Task1                                   38801F       6       6       3   .text       
     nrk_create_taskset                      388025      63      99       2   .text       
     init                                    388088      10      16       2   .text       
     CANRx_vect                                C2A0      6A     106       1   NON_BANKED  
- VARIABLES:
     carParamsUpdated                           502       1       1       1   .bss        
     carInputsUpdated                           503       1       1       2   .bss        
     driver_input                               504       6       6       1   .bss        
     _Vector_38                                FFB2       2       2       0   .abs_section_ffb2
     car                                        518       8       8       1   .common     
     can_rx_pkt_signal                          520       1       1       1   .common     
     Stack1                                     521      80     128       1   .common     
     TaskOne                                    5A1      28      40      18   .common     
     TCBI                                       5C9    1428    5160     197   .common     
MODULE:                 -- Start12.c.o --
- PROCEDURES:
     Init                                    388098      29      41       2   .text       
     _Startup                                  C000       B      11       0   .init       
- VARIABLES:
     _startupData                              C00B       6       6       3   .startData  
- LABELS:
     __SEG_END_SSTACK                           500       0       0       1               
MODULE:                 -- ASSERT.C.o (ansibf.lib) --
- PROCEDURES:
     _assert                                 3880C1       8       8       2   .text       
- VARIABLES:
MODULE:                 -- EMBEDDED.C.o (ansibf.lib) --
- PROCEDURES:
     abort                                   3880C9       4       4       2   .text       
- VARIABLES:
MODULE:                 -- PRINTF.C.o (ansibf.lib) --
- PROCEDURES:
     Ten                                     3880CD      F6     246      14   .text       
     vprintf                                 3881C3     A5F    2655     147   .text       
     _out                                    388C22       C      12       2   .text       
     deposit_char                            388C2E       F      15       3   .text       
     sprintf                                 388C3D      2F      47       4   .text       
- VARIABLES:
     pow10                                     C015      28      40       6   .rodata     
     pow16                                     C03D      20      32       4   .rodata     
     pow8                                      C05D      2C      44       4   .rodata     
     fpow10                                    C089      60      96       1   .rodata     
     fpow_10                                   C0E9      60      96       1   .rodata     
     pbuf                                       50A       7       7      16   .bss        
MODULE:                 -- STRING.C.o (ansibf.lib) --
- PROCEDURES:
     memcpy                                  388C6C      24      36       2   .text       
     strlen                                  388C90      14      20       4   .text       
     strncpy                                 388CA4      2D      45       2   .text       
     strncmp                                 388CD1      3A      58       2   .text       
- VARIABLES:
MODULE:                 -- DADD.C.o (ansibf.lib) --
- PROCEDURES:
     D_ADDKL                                   C30A      BC     188       1   NON_BANKED  
     _DADD                                     C3C6      11      17       3   NON_BANKED  
     _DSUB                                     C3D7      19      25       1   NON_BANKED  
     _DNEG                                     C3F0      17      23       1   NON_BANKED  
- VARIABLES:
MODULE:                 -- DANSI.C.o (ansibf.lib) --
- PROCEDURES:
     D_FREXP                                   C407      20      32       1   NON_BANKED  
     frexp                                     C427      1F      31       1   NON_BANKED  
- VARIABLES:
MODULE:                 -- DCMP.C.o (ansibf.lib) --
- PROCEDURES:
     _DCMP                                     C446      30      48       2   NON_BANKED  
- VARIABLES:
MODULE:                 -- DCONV.C.o (ansibf.lib) --
- PROCEDURES:
     D_TOLONGK                                 C476      33      51       1   NON_BANKED  
     D_FRLONGK                                 C4A9      19      25       1   NON_BANKED  
     _DUFLOAT                                  C4C2      14      20       2   NON_BANKED  
     _DSTRUNC                                  C4D6      19      25       1   NON_BANKED  
     _DUTRUNC                                  C4EF       3       3       3   NON_BANKED  
     D_PSHK_UNARY                              C4F2      1E      30       1   NON_BANKED  
     D_CLRK_UNARY                              C510       D      13       2   NON_BANKED  
     D_MAXK_UNARY                              C51D       A      10       1   NON_BANKED  
     D_NORMK_UNARY                             C527      5C      92       1   NON_BANKED  
- VARIABLES:
MODULE:                 -- DMUL.C.o (ansibf.lib) --
- PROCEDURES:
     D_MULKL                                   C583      90     144       1   NON_BANKED  
     _DMUL                                     C613      11      17       6   NON_BANKED  
- VARIABLES:
MODULE:                 -- DREGS.C.o (ansibf.lib) --
- PROCEDURES:
     D_PULK                                    C624      29      41       3   NON_BANKED  
     D_PULL                                    C64D      25      37       3   NON_BANKED  
     D_PSHK                                    C672      23      35       2   NON_BANKED  
     D_STAL                                    C695      2A      42       1   NON_BANKED  
     D_XGKL                                    C6BF      39      57       2   NON_BANKED  
     D_CLRK                                    C6F8      13      19       3   NON_BANKED  
     D_MAXK                                    C70B       A      10       1   NON_BANKED  
     D_NORMK                                   C715      8F     143       4   NON_BANKED  
- VARIABLES:
MODULE:                 -- rtshc12.c.o (ansibf.lib) --
- PROCEDURES:
     _LSHL                                     C7A4      11      17       2   NON_BANKED  
     _LCMP                                     C7B5      19      25       1   NON_BANKED  
     _LCMP_P                                   C7CE      15      21       4   NON_BANKED  
     _LNEG                                     C7E3       D      13       1   NON_BANKED  
     _LINC                                     C7F0       5       5       1   NON_BANKED  
     _LDEC                                     C7F5       8       8       1   NON_BANKED  
     _lDivMod                                  C7FD      BE     190       2   NON_BANKED  
     _LDIVU                                    C8BB       E      14       3   NON_BANKED  
     _NEG_P                                    C8C9       F      15       1   NON_BANKED  
     _LMODU                                    C8D8      11      17       2   NON_BANKED  
     _ILSEXT                                   C8E9       7       7       3   NON_BANKED  
     _COPY                                     C8F0       8       8       6   NON_BANKED  
     _CASE_DIRECT_BYTE                         C8F8       5       5       1   NON_BANKED  
     _CASE_SEARCH_8                            C8FD      17      23       1   NON_BANKED  
     _CASE_SEARCH_8_BYTE                       C914      1A      26       1   NON_BANKED  
- VARIABLES:
MODULE:                 -- VREGS.C.o (ansibf.lib) --
- PROCEDURES:
     L_NEGK                                    C92E       7       7       1   NON_BANKED  
     L_PSHK                                    C935       8       8       1   NON_BANKED  
     UL_PULK                                   C93D       3       3       1   NON_BANKED  
- VARIABLES:
MODULE:                 -- CAN.c.o --
- PROCEDURES:
     CANInit                                 388D0B      47      71       2   .text       
- VARIABLES:
MODULE:                 -- hcs12asm.c.o --
- PROCEDURES:
     nrk_start_high_ready_task               388D52       C      12       4   .text       
- VARIABLES:
MODULE:                 -- nrk.c.o --
- PROCEDURES:
     nrk_int_disable                         388D5E       3       3       8   .text       
     nrk_int_enable                          388D61       3       3       4   .text       
     _nrk_timer_tick                         388D64       5       5       6   .text       
     nrk_start                               388D69      26      38       2   .text       
     nrk_init                                388D8F      C0     192       2   .text       
     check_taskID_conflict                   388E4F      21      33       2   .text       
     nrk_TCB_init                            388E70      CE     206       2   .text       
- VARIABLES:
     nrk_task_init_cnt                          511       1       1       5   .bss        
     mallocTCBs                                19F1      7B     123       1   .common     
     mallocQueue                               1A6C      15      21       1   .common     
     nrk_kernel_stk                            1A81     100     256       4   .common     
     nrk_kernel_stk_ptr                        1B81       2       2       2   .common     
     tasksNumber                               1B83       1       1       4   .common     
     nrk_idle_task_stk                         1B84     100     256       2   .common     
     _nrk_readyQ                               1C84       7       7       3   .common     
     _free_node                                1C8B       2       2      16   .common     
     _head_node                                1C8D       2       2      10   .common     
     nrk_wakeup_signal                         1C8F       1       1       2   .common     
     nrk_cur_task_prio                         1C90       1       1       3   .common     
     nrk_cur_task_TCB                          1C91       2       2      11   .common     
     nrk_task_TCB                              1C93      29      41       6   .common     
     _headTCB                                  1CBC       2       2       4   .common     
     _tailTCB                                  1CBE       2       2       3   .common     
     nrk_high_ready_prio                       1CC0       1       1       4   .common     
     nrk_high_ready_TCB                        1CC1       2       2       5   .common     
     _nrk_resource_cnt                         1CC3       1       1       1   .common     
     nrk_sem_list                              1CC4       3       3       2   .common     
     nrk_system_time                           1CC7       8       8      20   .common     
MODULE:                 -- nrk_cpu.c.o --
- PROCEDURES:
     nrk_sleep                               388F3E       1       1       2   .text       
     nrk_idle                                388F3F       1       1       4   .text       
     nrk_target_start                        388F40       9       9       2   .text       
     nrk_stack_pointer_restore               388F49      1F      31       2   .text       
     nrk_stack_pointer_init                  388F68      2B      43       2   .text       
     nrk_task_set_entry_function             388F93       F      15       4   .text       
     nrk_task_set_stk                        388FA2       F      15       4   .text       
     nrk_task_stk_init                       388FB1      1E      30       2   .text       
- VARIABLES:
MODULE:                 -- nrk_error.c.o --
- PROCEDURES:
     nrk_kernel_error_add                    388FCF       B      11       6   .text       
- VARIABLES:
     error_task                                1CCF       1       1       1   .common     
     error_num                                 1CD0       1       1       1   .common     
MODULE:                 -- nrk_events.c.o --
- PROCEDURES:
     nrk_signal_create                       388FDA      50      80       4   .text       
- VARIABLES:
     _nrk_signal_list                           512       4       4      10   .bss        
MODULE:                 -- nrk_idle_task.c.o --
- PROCEDURES:
     nrk_idle_task                           38902A      23      35       3   .text       
- VARIABLES:
MODULE:                 -- nrk_scheduler.c.o --
- PROCEDURES:
     _nrk_scheduler                          38904D     2A5     677       3   .text       
- VARIABLES:
     _nrk_cpu_state                            1CD1       1       1       3   .common     
MODULE:                 -- nrk_stack_check.c.o --
- PROCEDURES:
     nrk_stack_check                         3892F2       1       1       4   .text       
- VARIABLES:
MODULE:                 -- nrk_task.c.o --
- PROCEDURES:
     nrk_get_high_ready_task_ID              3892F3       6       6       4   .text       
     nrk_add_to_readyQ                       3892F9      BB     187       4   .text       
     nrk_rem_from_readyQ                     3893B4      73     115       4   .text       
     nrk_activate_task                       389427      B5     181       4   .text       
     nrk_wait_until_next_period              3894DC      46      70       2   .text       
     _nrk_wait_for_scheduler                 389522       D      13       2   .text       
- VARIABLES:
MODULE:                 -- nrk_time.c.o --
- PROCEDURES:
     _nrk_time_to_ticks                      38952F      79     121       6   .text       
- VARIABLES:
MODULE:                 -- nrk_timer.c.o --
- PROCEDURES:
     _nrk_setup_timer                        3895A8      3F      63       2   .text       
     _nrk_high_speed_timer_reset             3895E7       1       1       2   .text       
     nrk_high_speed_timer_wait               3895E8      46      70       2   .text       
     _nrk_high_speed_timer_get               38962E       1       1       6   .text       
     _nrk_os_timer_reset                     38962F       B      11       2   .text       
     _nrk_os_timer_start                     38963A      28      40       2   .text       
     _nrk_get_next_wakeup                    389662       3       3       4   .text       
     _nrk_set_next_wakeup                    389665       3       3       6   .text       
     _nrk_os_timer_get                       389668       3       3       6   .text       
     oc5ISR                                    C940      13      19       1   NON_BANKED  
- VARIABLES:
     prev_timer                                 516       2       2       1   .bss        
     _Vector_15                                FFE0       2       2       0   .abs_section_ffe0
     _nrk_prev_timer_val                       1CD2       2       2      13   .common     
     _nrk_time_trigger                         1CD4       1       1       2   .common     
     stkPtr                                    1CD5       2       2       2   .common     
MODULE:                 -- PLL.c.o --
- PROCEDURES:
     setclk24                                38966B      13      19       2   .text       
- VARIABLES:
MODULE:                 -- nrk_interpreter.c.o --
- PROCEDURES:
     init_forth_engine                       38967E       E      14       2   .text       
     set_up_data_segment                     38968C       7       7       2   .text       
     data_set                                389693      75     117       2   .text       
     word                                    389708      97     151      10   .text       
     find                                    38979F      32      50       4   .text       
     find_a                                  3897D1      3B      59      16   .text       
     compile                                 38980C      1D      29      34   .text       
     get_exec_ptr                            389829      1E      30      16   .text       
     add_word                                389847      18      24      76   .text       
     add_variable                            38985F      52      82       2   .text       
     add_variable_d                          3898B1      3C      60       6   .text       
     _variable                               3898ED      1B      27       3   .text       
     _add_header                             389908      1B      27       3   .text       
     add_header                              389923      7D     125      10   .text       
     _make_immediate                         3899A0      12      18       5   .text       
     set_up_core                             3899B2     28F     655       6   .text       
     docol                                   389C41      9A     154       8   .text       
     _docol                                  389CDB       E      14       3   .text       
     _dot                                    389CE9      1E      30       3   .text       
     _dots                                   389D07      70     112       3   .text       
     _plus                                   389D77      1F      31       3   .text       
     _minus                                  389D96      1F      31       3   .text       
     _mult                                   389DB5      22      34       3   .text       
     _div                                    389DD7      23      35       3   .text       
     _fetch                                  389DFA      27      39       3   .text       
     _store                                  389E21      23      35       3   .text       
     _dup                                    389E44      1D      29       3   .text       
     _less                                   389E61      3E      62       3   .text       
     _greater                                389E9F      3E      62       3   .text       
     _equal                                  389EDD      3E      62       3   .text       
     _swap                                   389F1B      1D      29       3   .text       
     _drop                                   389F38      15      21       3   .text       
     _rot                                    389F4D      25      37       3   .text       
     _nrot                                   389F72      25      37       3   .text       
     alloc_d                                 389F97      15      21       2   .text       
     _allot                                  389FAC      1D      29       3   .text       
     _cells                                  389FC9      24      36       3   .text       
     _literal                                389FED      30      48       3   .text       
     __literal                               38A01D      36      54       3   .text       
     _m_f_ds_t_rs                            38A053      27      39       3   .text       
     _m_f_rs_t_ds                            38A07A      27      39       3   .text       
     _c_f_rs_t_ds                            38A0A1      23      35       3   .text       
     _postpone                               38A0C4      54      84       3   .text       
     _compile_next                           38A118      25      37       3   .text       
     _comma                                  38A13D      1D      29       3   .text       
     _colon                                  38A15A      2F      47       3   .text       
     _semicolon                              38A189      1B      27       3   .text       
     _tick                                   38A1A4      2B      43       3   .text       
     _if_c                                   38A1CF      46      70       3   .text       
     _else_c                                 38A215      64     100       3   .text       
     _then_c                                 38A279      2D      45       3   .text       
     _jump                                   38A2A6      21      33       3   .text       
     _jump0                                  38A2C7      49      73       3   .text       
- VARIABLES:
     STRING.LITERAL.4                          C149       8       8       1   .rodata1    
     STRING.LITERAL.5                          C151       8       8       1   .rodata1    
     STRING.C..Documents.and.Set.6             C159      59      89       1   .rodata1    
     STRING...7                                C1B2       2       2       1   .rodata1    
     STRING...8                                C1B4       2       2       1   .rodata1    
     STRING..S.9                               C1B6       3       3       1   .rodata1    
     STRING...10                               C1B9       2       2       1   .rodata1    
     STRING...11                               C1BB       2       2       1   .rodata1    
     STRING...12                               C1BD       2       2       1   .rodata1    
     STRING...13                               C1BF       2       2       1   .rodata1    
     STRING...14                               C1C1       2       2       1   .rodata1    
     STRING...15                               C1C3       2       2       1   .rodata1    
     STRING...16                               C1C5       2       2       1   .rodata1    
     STRING...17                               C1C7       2       2       1   .rodata1    
     STRING.DUP.18                             C1C9       4       4       1   .rodata1    
     STRING.SWAP.19                            C1CD       5       5       1   .rodata1    
     STRING.ROT.20                             C1D2       4       4       1   .rodata1    
     STRING..ROT.21                            C1D6       5       5       1   .rodata1    
     STRING.DROP.22                            C1DB       5       5       1   .rodata1    
     STRING.LITERAL.23                         C1E0       8       8       1   .rodata1    
     STRING.LIT.24                             C1E8       4       4       1   .rodata1    
     STRING.CREATE.25                          C1EC       7       7       1   .rodata1    
     STRING.ALLOT.26                           C1F3       6       6       1   .rodata1    
     STRING.CELLS.27                           C1F9       6       6       1   .rodata1    
     STRING.VARIABLE.28                        C1FF       9       9       1   .rodata1    
     STRING.DOCOL.29                           C208       6       6       1   .rodata1    
     STRING.IMMEDIATE.30                       C20E       A      10       1   .rodata1    
     STRING.POSTPONE.31                        C218       9       9       1   .rodata1    
     STRING.COMPILE_NEXT.32                    C221       D      13       1   .rodata1    
     STRING..R.33                              C22E       3       3       1   .rodata1    
     STRING.R..34                              C231       3       3       1   .rodata1    
     STRING.R..35                              C234       3       3       1   .rodata1    
     STRING...36                               C237       2       2       1   .rodata1    
     STRING...37                               C239       2       2       1   .rodata1    
     STRING...38                               C23B       2       2       1   .rodata1    
     STRING...39                               C23D       2       2       1   .rodata1    
     STRING.IF.40                              C23F       3       3       1   .rodata1    
     STRING.ELSE.41                            C242       5       5       1   .rodata1    
     STRING.THEN.42                            C247       5       5       1   .rodata1    
     STRING.BRANCH.43                          C24C       7       7       1   .rodata1    
     STRING.0BRANCH.44                         C253       8       8       1   .rodata1    
     STRING.HERE.45                            C25B       5       5       1   .rodata1    
     STRING.LATEST.46                          C260       7       7       1   .rodata1    
     STRING.STATE.47                           C267       6       6       1   .rodata1    
     STRING.Task..d...d.48                     C26D       C      12       1   .rodata1    
     STRING..d.49                              C279       3       3       1   .rodata1    
     STRING.LITERAL.50                         C27C       8       8       1   .rodata1    
     STRING.COMPILE_NEXT.51                    C284       D      13       1   .rodata1    
     STRING.0BRANCH.52                         C291       8       8       1   .rodata1    
     STRING.BRANCH.53                          C299       7       7       1   .rodata1    
     num_of_tasks                               500       2       2       3   .data       

*********************************************************************************************
MODULE STATISTIC
  Name                                      Data   Code  Const
---------------------------------------------------------------------------------------------
  MC9S12C128.c.o                             260      0      0
  main.c.o                                  5345    258      2
  Start12.c.o                                  0     52      0
  ASSERT.C.o (ansibf.lib)                      0      8      0
  EMBEDDED.C.o (ansibf.lib)                    0      4      0
  PRINTF.C.o (ansibf.lib)                      7   2975    308
  STRING.C.o (ansibf.lib)                      0    159      0
  DADD.C.o (ansibf.lib)                        0    253      0
  DANSI.C.o (ansibf.lib)                       0     63      0
  DCMP.C.o (ansibf.lib)                        0     48      0
  DCONV.C.o (ansibf.lib)                       0    269      0
  DMUL.C.o (ansibf.lib)                        0    161      0
  DREGS.C.o (ansibf.lib)                       0    384      0
  rtshc12.c.o (ansibf.lib)                     0    394      0
  VREGS.C.o (ansibf.lib)                       0     18      0
  CAN.c.o                                      0     71      0
  hcs12asm.c.o                                 0     12      0
  nrk.c.o                                    735    480      0
  nrk_cpu.c.o                                  0    145      0
  nrk_error.c.o                                2     11      0
  nrk_events.c.o                               4     80      0
  nrk_idle_task.c.o                            0     35      0
  nrk_scheduler.c.o                            1    677      0
  nrk_stack_check.c.o                          0      1      0
  nrk_task.c.o                                 0    572      0
  nrk_time.c.o                                 0    121      0
  nrk_timer.c.o                                7    214      2
  PLL.c.o                                      0     19      0
  nrk_interpreter.c.o                          2   3218    343
  other                                      256     12      7

*********************************************************************************************
SECTION USE IN OBJECT-ALLOCATION SECTION
---------------------------------------------------------------------------------------------
SECTION: ".text"
  main Task1 nrk_create_taskset init Init _assert abort Ten vprintf _out 
  deposit_char sprintf memcpy strlen strncpy strncmp CANInit 
  nrk_start_high_ready_task nrk_int_disable nrk_int_enable _nrk_timer_tick 
  nrk_start nrk_init check_taskID_conflict nrk_TCB_init nrk_sleep nrk_idle 
  nrk_target_start nrk_stack_pointer_restore nrk_stack_pointer_init 
  nrk_task_set_entry_function nrk_task_set_stk nrk_task_stk_init 
  nrk_kernel_error_add nrk_signal_create nrk_idle_task _nrk_scheduler 
  nrk_stack_check nrk_get_high_ready_task_ID nrk_add_to_readyQ 
  nrk_rem_from_readyQ nrk_activate_task nrk_wait_until_next_period 
  _nrk_wait_for_scheduler _nrk_time_to_ticks _nrk_setup_timer 
  _nrk_high_speed_timer_reset nrk_high_speed_timer_wait 
  _nrk_high_speed_timer_get _nrk_os_timer_reset _nrk_os_timer_start 
  _nrk_get_next_wakeup _nrk_set_next_wakeup _nrk_os_timer_get setclk24 
  init_forth_engine set_up_data_segment data_set word find find_a compile 
  get_exec_ptr add_word add_variable add_variable_d _variable _add_header 
  add_header _make_immediate set_up_core docol _docol _dot _dots _plus _minus 
  _mult _div _fetch _store _dup _less _greater _equal _swap _drop _rot _nrot 
  alloc_d _allot _cells _literal __literal _m_f_ds_t_rs _m_f_rs_t_ds 
  _c_f_rs_t_ds _postpone _compile_next _comma _colon _semicolon _tick _if_c 
  _else_c _then_c _jump _jump0 
SECTION: ".data"
  num_of_tasks 
SECTION: ".bss"
  carParamsUpdated carInputsUpdated driver_input pbuf nrk_task_init_cnt 
  _nrk_signal_list prev_timer 
SECTION: ".init"
  _Startup 
SECTION: ".rodata"
  pow10 pow16 pow8 fpow10 fpow_10 
SECTION: ".rodata1"
  STRING.LITERAL.4 STRING.LITERAL.5 STRING.C..Documents.and.Set.6 STRING...7 
  STRING...8 STRING..S.9 STRING...10 STRING...11 STRING...12 STRING...13 
  STRING...14 STRING...15 STRING...16 STRING...17 STRING.DUP.18 STRING.SWAP.19 
  STRING.ROT.20 STRING..ROT.21 STRING.DROP.22 STRING.LITERAL.23 STRING.LIT.24 
  STRING.CREATE.25 STRING.ALLOT.26 STRING.CELLS.27 STRING.VARIABLE.28 
  STRING.DOCOL.29 STRING.IMMEDIATE.30 STRING.POSTPONE.31 STRING.COMPILE_NEXT.32 
  STRING..R.33 STRING.R..34 STRING.R..35 STRING...36 STRING...37 STRING...38 
  STRING...39 STRING.IF.40 STRING.ELSE.41 STRING.THEN.42 STRING.BRANCH.43 
  STRING.0BRANCH.44 STRING.HERE.45 STRING.LATEST.46 STRING.STATE.47 
  STRING.Task..d...d.48 STRING..d.49 STRING.LITERAL.50 STRING.COMPILE_NEXT.51 
  STRING.0BRANCH.52 STRING.BRANCH.53 
SECTION: "NON_BANKED"
  CANRx_vect D_ADDKL _DADD _DSUB _DNEG D_FREXP frexp _DCMP D_TOLONGK D_FRLONGK 
  _DUFLOAT _DSTRUNC _DUTRUNC D_PSHK_UNARY D_CLRK_UNARY D_MAXK_UNARY 
  D_NORMK_UNARY D_MULKL _DMUL D_PULK D_PULL D_PSHK D_STAL D_XGKL D_CLRK D_MAXK 
  D_NORMK _LSHL _LCMP _LCMP_P _LNEG _LINC _LDEC _lDivMod _LDIVU _NEG_P _LMODU 
  _ILSEXT _COPY _CASE_DIRECT_BYTE _CASE_SEARCH_8 _CASE_SEARCH_8_BYTE L_NEGK 
  L_PSHK UL_PULK oc5ISR 
SECTION: ".abs_section_8"
  _PORTE 
SECTION: ".abs_section_9"
  _DDRE 
SECTION: ".abs_section_a"
  _PEAR 
SECTION: ".abs_section_b"
  _MODE 
SECTION: ".abs_section_c"
  _PUCR 
SECTION: ".abs_section_d"
  _RDRIV 
SECTION: ".abs_section_e"
  _EBICTL 
SECTION: ".abs_section_10"
  _INITRM 
SECTION: ".abs_section_11"
  _INITRG 
SECTION: ".abs_section_13"
  _MISC 
SECTION: ".abs_section_15"
  _ITCR 
SECTION: ".abs_section_16"
  _ITEST 
SECTION: ".abs_section_19"
  _VREGCTRL 
SECTION: ".abs_section_1c"
  _MEMSIZ0 
SECTION: ".abs_section_1d"
  _MEMSIZ1 
SECTION: ".abs_section_1e"
  _INTCR 
SECTION: ".abs_section_1f"
  _HPRIO 
SECTION: ".abs_section_20"
  _DBGC1 
SECTION: ".abs_section_21"
  _DBGSC 
SECTION: ".abs_section_24"
  _DBGCNT 
SECTION: ".abs_section_25"
  _DBGCCX 
SECTION: ".abs_section_28"
  _DBGC2 
SECTION: ".abs_section_29"
  _DBGC3 
SECTION: ".abs_section_2a"
  _DBGCAX 
SECTION: ".abs_section_2d"
  _DBGCBX 
SECTION: ".abs_section_30"
  _PPAGE 
SECTION: ".abs_section_34"
  _SYNR 
SECTION: ".abs_section_35"
  _REFDV 
SECTION: ".abs_section_37"
  _CRGFLG 
SECTION: ".abs_section_38"
  _CRGINT 
SECTION: ".abs_section_39"
  _CLKSEL 
SECTION: ".abs_section_3a"
  _PLLCTL 
SECTION: ".abs_section_3b"
  _RTICTL 
SECTION: ".abs_section_3c"
  _COPCTL 
SECTION: ".abs_section_3f"
  _ARMCOP 
SECTION: ".abs_section_40"
  _TIOS 
SECTION: ".abs_section_41"
  _CFORC 
SECTION: ".abs_section_42"
  _OC7M 
SECTION: ".abs_section_43"
  _OC7D 
SECTION: ".abs_section_46"
  _TSCR1 
SECTION: ".abs_section_47"
  _TTOV 
SECTION: ".abs_section_48"
  _TCTL1 
SECTION: ".abs_section_49"
  _TCTL2 
SECTION: ".abs_section_4a"
  _TCTL3 
SECTION: ".abs_section_4b"
  _TCTL4 
SECTION: ".abs_section_4c"
  _TIE 
SECTION: ".abs_section_4d"
  _TSCR2 
SECTION: ".abs_section_4e"
  _TFLG1 
SECTION: ".abs_section_4f"
  _TFLG2 
SECTION: ".abs_section_60"
  _PACTL 
SECTION: ".abs_section_61"
  _PAFLG 
SECTION: ".abs_section_86"
  _ATDSTAT0 
SECTION: ".abs_section_89"
  _ATDTEST1 
SECTION: ".abs_section_8b"
  _ATDSTAT1 
SECTION: ".abs_section_8d"
  _ATDDIEN 
SECTION: ".abs_section_8f"
  _PORTAD0 
SECTION: ".abs_section_ca"
  _SCICR1 
SECTION: ".abs_section_cb"
  _SCICR2 
SECTION: ".abs_section_cc"
  _SCISR1 
SECTION: ".abs_section_cd"
  _SCISR2 
SECTION: ".abs_section_ce"
  _SCIDRH 
SECTION: ".abs_section_cf"
  _SCIDRL 
SECTION: ".abs_section_d8"
  _SPICR1 
SECTION: ".abs_section_d9"
  _SPICR2 
SECTION: ".abs_section_da"
  _SPIBR 
SECTION: ".abs_section_db"
  _SPISR 
SECTION: ".abs_section_dd"
  _SPIDR 
SECTION: ".abs_section_e0"
  _PWME 
SECTION: ".abs_section_e1"
  _PWMPOL 
SECTION: ".abs_section_e2"
  _PWMCLK 
SECTION: ".abs_section_e3"
  _PWMPRCLK 
SECTION: ".abs_section_e4"
  _PWMCAE 
SECTION: ".abs_section_e5"
  _PWMCTL 
SECTION: ".abs_section_e8"
  _PWMSCLA 
SECTION: ".abs_section_e9"
  _PWMSCLB 
SECTION: ".abs_section_fe"
  _PWMSDN 
SECTION: ".abs_section_100"
  _FCLKDIV 
SECTION: ".abs_section_101"
  _FSEC 
SECTION: ".abs_section_103"
  _FCNFG 
SECTION: ".abs_section_104"
  _FPROT 
SECTION: ".abs_section_105"
  _FSTAT 
SECTION: ".abs_section_106"
  _FCMD 
SECTION: ".abs_section_140"
  _CANCTL0 
SECTION: ".abs_section_141"
  _CANCTL1 
SECTION: ".abs_section_142"
  _CANBTR0 
SECTION: ".abs_section_143"
  _CANBTR1 
SECTION: ".abs_section_144"
  _CANRFLG 
SECTION: ".abs_section_145"
  _CANRIER 
SECTION: ".abs_section_146"
  _CANTFLG 
SECTION: ".abs_section_147"
  _CANTIER 
SECTION: ".abs_section_148"
  _CANTARQ 
SECTION: ".abs_section_149"
  _CANTAAK 
SECTION: ".abs_section_14a"
  _CANTBSEL 
SECTION: ".abs_section_14b"
  _CANIDAC 
SECTION: ".abs_section_14e"
  _CANRXERR 
SECTION: ".abs_section_14f"
  _CANTXERR 
SECTION: ".abs_section_150"
  _CANIDAR0 
SECTION: ".abs_section_151"
  _CANIDAR1 
SECTION: ".abs_section_152"
  _CANIDAR2 
SECTION: ".abs_section_153"
  _CANIDAR3 
SECTION: ".abs_section_154"
  _CANIDMR0 
SECTION: ".abs_section_155"
  _CANIDMR1 
SECTION: ".abs_section_156"
  _CANIDMR2 
SECTION: ".abs_section_157"
  _CANIDMR3 
SECTION: ".abs_section_158"
  _CANIDAR4 
SECTION: ".abs_section_159"
  _CANIDAR5 
SECTION: ".abs_section_15a"
  _CANIDAR6 
SECTION: ".abs_section_15b"
  _CANIDAR7 
SECTION: ".abs_section_15c"
  _CANIDMR4 
SECTION: ".abs_section_15d"
  _CANIDMR5 
SECTION: ".abs_section_15e"
  _CANIDMR6 
SECTION: ".abs_section_15f"
  _CANIDMR7 
SECTION: ".abs_section_160"
  _CANRXIDR0 
SECTION: ".abs_section_161"
  _CANRXIDR1 
SECTION: ".abs_section_162"
  _CANRXIDR2 
SECTION: ".abs_section_163"
  _CANRXIDR3 
SECTION: ".abs_section_164"
  _CANRXDSR0 
SECTION: ".abs_section_165"
  _CANRXDSR1 
SECTION: ".abs_section_166"
  _CANRXDSR2 
SECTION: ".abs_section_167"
  _CANRXDSR3 
SECTION: ".abs_section_168"
  _CANRXDSR4 
SECTION: ".abs_section_169"
  _CANRXDSR5 
SECTION: ".abs_section_16a"
  _CANRXDSR6 
SECTION: ".abs_section_16b"
  _CANRXDSR7 
SECTION: ".abs_section_16c"
  _CANRXDLR 
SECTION: ".abs_section_170"
  _CANTXIDR0 
SECTION: ".abs_section_171"
  _CANTXIDR1 
SECTION: ".abs_section_172"
  _CANTXIDR2 
SECTION: ".abs_section_173"
  _CANTXIDR3 
SECTION: ".abs_section_174"
  _CANTXDSR0 
SECTION: ".abs_section_175"
  _CANTXDSR1 
SECTION: ".abs_section_176"
  _CANTXDSR2 
SECTION: ".abs_section_177"
  _CANTXDSR3 
SECTION: ".abs_section_178"
  _CANTXDSR4 
SECTION: ".abs_section_179"
  _CANTXDSR5 
SECTION: ".abs_section_17a"
  _CANTXDSR6 
SECTION: ".abs_section_17b"
  _CANTXDSR7 
SECTION: ".abs_section_17c"
  _CANTXDLR 
SECTION: ".abs_section_17d"
  _CANTXTBPR 
SECTION: ".abs_section_240"
  _PTT 
SECTION: ".abs_section_241"
  _PTIT 
SECTION: ".abs_section_242"
  _DDRT 
SECTION: ".abs_section_243"
  _RDRT 
SECTION: ".abs_section_244"
  _PERT 
SECTION: ".abs_section_245"
  _PPST 
SECTION: ".abs_section_247"
  _MODRR 
SECTION: ".abs_section_248"
  _PTS 
SECTION: ".abs_section_249"
  _PTIS 
SECTION: ".abs_section_24a"
  _DDRS 
SECTION: ".abs_section_24b"
  _RDRS 
SECTION: ".abs_section_24c"
  _PERS 
SECTION: ".abs_section_24d"
  _PPSS 
SECTION: ".abs_section_24e"
  _WOMS 
SECTION: ".abs_section_250"
  _PTM 
SECTION: ".abs_section_251"
  _PTIM 
SECTION: ".abs_section_252"
  _DDRM 
SECTION: ".abs_section_253"
  _RDRM 
SECTION: ".abs_section_254"
  _PERM 
SECTION: ".abs_section_255"
  _PPSM 
[...]
_nrk_wait_for_scheduler   USES nrk_idle nrk_cur_task_TCB 
_nrk_time_to_ticks        USES _LDEC _LDIVU _LCMP_P 
_nrk_setup_timer          USES _nrk_prev_timer_val _TSCR1 _TSCR2 _TIOS _TFLG1 
                                _TCNT _TC7 _TIE prev_timer _nrk_os_timer_reset 
                                _nrk_os_timer_start _nrk_time_trigger 
nrk_high_speed_timer_wait USES _nrk_high_speed_timer_get 
_nrk_os_timer_reset       USES _TCNT _nrk_time_trigger _nrk_prev_timer_val 
_nrk_os_timer_start       USES _TSCR1 _TSCR2 _TIOS _TFLG1 _TCNT _TC7 _TIE 
_nrk_get_next_wakeup      USES _TC7 
_nrk_set_next_wakeup      USES _TC7 
_nrk_os_timer_get         USES _TCNT 
setclk24                  USES _SYNR _REFDV _PLLCTL _CRGFLG _CLKSEL 
init_forth_engine         USES num_of_tasks set_up_data_segment set_up_core 
set_up_data_segment       USES data_set 
data_set                  USES TCBI num_of_tasks 
word                      USES TCBI 
find                      USES TCBI find_a 
find_a                    USES strlen strncmp 
compile                   USES TCBI 
add_word                  USES add_header compile 
add_variable              USES add_header docol compile STRING.LITERAL.4 TCBI 
                                find_a get_exec_ptr 
add_variable_d            USES add_header docol compile STRING.LITERAL.5 TCBI 
                                find_a get_exec_ptr 
_variable                 USES word TCBI add_variable 
_add_header               USES word TCBI add_header 
add_header                USES strlen STRING.C..Documents.and.Set.6 _assert 
                                TCBI strncpy 
_make_immediate           USES TCBI 
set_up_core               USES STRING...7 _plus add_word STRING...8 _dot 
                                STRING..S.9 _dots STRING...10 _minus STRING...11 _mult 
                                STRING...12 _div STRING...13 _fetch STRING...14 _store 
                                STRING...15 _greater STRING...16 _less STRING...17 _equal 
                                STRING.DUP.18 _dup STRING.SWAP.19 _swap STRING.ROT.20 _rot 
                                STRING..ROT.21 _nrot STRING.DROP.22 _drop STRING.LITERAL.23 
                                _literal STRING.LIT.24 __literal STRING.CREATE.25 
                                _add_header STRING.ALLOT.26 _allot STRING.CELLS.27 _cells 
                                STRING.VARIABLE.28 _variable STRING.DOCOL.29 _docol 
                                STRING.IMMEDIATE.30 _make_immediate STRING.POSTPONE.31 _postpone 
                                set_up_core STRING.COMPILE_NEXT.32 _compile_next 
                                STRING..R.33 _m_f_ds_t_rs STRING.R..34 _m_f_rs_t_ds 
                                STRING.R..35 _c_f_rs_t_ds STRING...36 _comma STRING...37 
                                _tick STRING...38 _colon STRING...39 _semicolon 
                                STRING.IF.40 _if_c STRING.ELSE.41 _else_c STRING.THEN.42 
                                _then_c STRING.BRANCH.43 _jump STRING.0BRANCH.44 
                                _jump0 STRING.HERE.45 TCBI add_variable_d 
                                STRING.LATEST.46 STRING.STATE.47 num_of_tasks 
docol                     USES TCBI _ILSEXT 
_docol                    USES docol compile 
_dot                      USES TCBI 
_dots                     USES TCBI STRING.Task..d...d.48 sprintf STRING..d.49 
_plus                     USES TCBI 
_minus                    USES TCBI 
_mult                     USES TCBI 
_div                      USES TCBI 
_fetch                    USES TCBI 
_store                    USES TCBI 
_dup                      USES TCBI 
_less                     USES TCBI 
_greater                  USES TCBI 
_equal                    USES TCBI 
_swap                     USES TCBI 
_drop                     USES TCBI 
_rot                      USES TCBI 
_nrot                     USES TCBI 
alloc_d                   USES TCBI 
_allot                    USES TCBI alloc_d 
_cells                    USES TCBI 
_literal                  USES TCBI 
__literal                 USES STRING.LITERAL.50 TCBI find_a get_exec_ptr 
                                compile 
_m_f_ds_t_rs              USES TCBI 
_m_f_rs_t_ds              USES TCBI 
_c_f_rs_t_ds              USES TCBI 
_postpone                 USES word find STRING.COMPILE_NEXT.51 TCBI find_a 
                                get_exec_ptr compile 
_compile_next             USES compile TCBI 
_comma                    USES TCBI compile 
_colon                    USES TCBI word add_header docol compile 
_semicolon                USES compile TCBI 
_tick                     USES word find get_exec_ptr TCBI 
_if_c                     USES STRING.0BRANCH.52 TCBI find_a get_exec_ptr 
                                compile 
_else_c                   USES TCBI STRING.BRANCH.53 find_a get_exec_ptr 
                                compile 
_then_c                   USES TCBI 
_jump                     USES TCBI 
_jump0                    USES TCBI 

*********************************************************************************************
DEPENDENCY TREE
*********************************************************************************************
 main and _Startup Group
 | 
 +- main                
 |  | 
 |  +- nrk_init            
 |  |  | 
 |  |  +- nrk_signal_create   
 |  |  |  | 
 |  |  |  +- _LSHL               
 |  |  |  |    
 |  |  |  +- _LCMP               
 |  |  |       
 |  |  +- nrk_kernel_error_add
 |  |  |    
 |  |  +- nrk_idle_task       
 |  |  |  | 
 |  |  |  +- nrk_stack_check     
 |  |  |  |    
 |  |  |  +- _nrk_get_next_wakeup
 |  |  |  |    
 |  |  |  +- nrk_idle            
 |  |  |  |    
 |  |  |  +- nrk_sleep           
 |  |  |       
 |  |  +- nrk_task_set_entry_function
 |  |  |    
 |  |  +- nrk_task_set_stk    
 |  |  |    
 |  |  +- nrk_activate_task   
 |  |     | 
 |  |     +- nrk_int_disable     
 |  |     |    
 |  |     +- nrk_task_stk_init   
 |  |     |    
 |  |     +- nrk_TCB_init        
 |  |     |  | 
 |  |     |  +- check_taskID_conflict
 |  |     |  |    
 |  |     |  +- _COPY               
 |  |     |  |    
 |  |     |  +- _nrk_time_to_ticks  
 |  |     |     | 
 |  |     |     +- _LDEC               
 |  |     |     |    
 |  |     |     +- _LDIVU              
 |  |     |     |  | 
 |  |     |     |  +- _lDivMod            
 |  |     |     |       
 |  |     |     +- _LCMP_P             
 |  |     |          
 |  |     +- nrk_add_to_readyQ   
 |  |          
 |  +- init                
 |  |  | 
 |  |  +- setclk24            
 |  |  |    
 |  |  +- CANInit             
 |  |  |    
 |  |  +- nrk_signal_create    (see above)
 |  |     
 |  +- nrk_create_taskset  
 |  |  | 
 |  |  +- Task1               
 |  |  |  | 
 |  |  |  +- nrk_wait_until_next_period
 |  |  |     | 
 |  |  |     +- nrk_stack_check      (see above)
 |  |  |     |  
 |  |  |     +- nrk_int_disable      (see above)
 |  |  |     |  
 |  |  |     +- _nrk_os_timer_get   
 |  |  |     |    
 |  |  |     +- _nrk_get_next_wakeup (see above)
 |  |  |     |  
 |  |  |     +- _nrk_set_next_wakeup
 |  |  |     |    
 |  |  |     +- nrk_int_enable      
 |  |  |     |    
 |  |  |     +- _nrk_wait_for_scheduler
 |  |  |        | 
 |  |  |        +- nrk_idle             (see above)
 |  |  |           
 |  |  +- nrk_task_set_entry_function (see above)
 |  |  |  
 |  |  +- nrk_task_set_stk     (see above)
 |  |  |  
 |  |  +- nrk_activate_task    (see above)
 |  |     
 |  +- init_forth_engine   
 |  |  | 
 |  |  +- set_up_data_segment 
 |  |  |  | 
 |  |  |  +- data_set            
 |  |  |       
 |  |  +- set_up_core         
 |  |     | 
 |  |     +- _plus               
 |  |     |    
 |  |     +- add_word            
 |  |     |  | 
 |  |     |  +- add_header          
 |  |     |  |  | 
 |  |     |  |  +- strlen              
 |  |     |  |  |    
 |  |     |  |  +- _assert             
 |  |     |  |  |  | 
 |  |     |  |  |  +- abort               
 |  |     |  |  |       
 |  |     |  |  +- strncpy             
 |  |     |  |       
 |  |     |  +- compile             
 |  |     |       
 |  |     +- _dot                
 |  |     |    
 |  |     +- _dots               
 |  |     |  | 
 |  |     |  +- sprintf             
 |  |     |     | 
 |  |     |     +- deposit_char        
 |  |     |     |    
 |  |     |     +- vprintf             
 |  |     |        | 
 |  |     |        +- _CASE_SEARCH_8_BYTE 
 |  |     |        |    
 |  |     |        +- _CASE_DIRECT_BYTE   
 |  |     |        |    
 |  |     |        +- _CASE_SEARCH_8      
 |  |     |        |    
 |  |     |        +- _ILSEXT             
 |  |     |        |    
 |  |     |        +- _LNEG               
 |  |     |        |    
 |  |     |        +- _LCMP_P              (see above)
 |  |     |        |  
 |  |     |        +- _DNEG               
 |  |     |        |    
 |  |     |        +- frexp               
 |  |     |        |  | 
 |  |     |        |  +- D_PULK              
 |  |     |        |  |    
 |  |     |        |  +- D_FREXP             
 |  |     |        |  |  | 
 |  |     |        |  |  +- D_NORMK             
 |  |     |        |  |     | 
 |  |     |        |  |     +- D_CLRK              
 |  |     |        |  |     |    
 |  |     |        |  |     +- D_MAXK              
 |  |     |        |  |        | 
 |  |     |        |  |        +- D_CLRK               (see above)
 |  |     |        |  |           
 |  |     |        |  +- D_STAL              
 |  |     |        |       
 |  |     |        +- Ten                 
 |  |     |        |  | 
 |  |     |        |  +- _DMUL               
 |  |     |        |  |  | 
 |  |     |        |  |  +- D_PULK               (see above)
 |  |     |        |  |  |  
 |  |     |        |  |  +- D_PULL              
 |  |     |        |  |  |    
 |  |     |        |  |  +- D_MULKL             
 |  |     |        |  |  |  | 
 |  |     |        |  |  |  +- D_CLRK               (see above)
 |  |     |        |  |  |  |  
 |  |     |        |  |  |  +- D_NORMK              (see above)
 |  |     |        |  |  |     
 |  |     |        |  |  +- D_PSHK              
 |  |     |        |  |       
 |  |     |        |  +- _COPY                (see above)
 |  |     |        |     
 |  |     |        +- _DMUL                (see above)
 |  |     |        |  
 |  |     |        +- _DUTRUNC            
 |  |     |        |  | 
 |  |     |        |  +- _DSTRUNC            
 |  |     |        |     | 
 |  |     |        |     +- D_PULL               (see above)
 |  |     |        |     |  
 |  |     |        |     +- D_TOLONGK           
 |  |     |        |     |    
 |  |     |        |     +- L_PSHK              
 |  |     |        |        | 
 |  |     |        |        +- L_NEGK              
 |  |     |        |           | 
 |  |     |        |           +- _NEG_P              
 |  |     |        |                
 |  |     |        +- _DUFLOAT            
 |  |     |        |  | 
 |  |     |        |  +- UL_PULK             
 |  |     |        |  |    
 |  |     |        |  +- D_FRLONGK           
 |  |     |        |  |  | 
 |  |     |        |  |  +- D_NORMK_UNARY       
 |  |     |        |  |     | 
 |  |     |        |  |     +- D_CLRK_UNARY        
 |  |     |        |  |     |    
 |  |     |        |  |     +- D_MAXK_UNARY        
 |  |     |        |  |        | 
 |  |     |        |  |        +- D_CLRK_UNARY         (see above)
 |  |     |        |  |           
 |  |     |        |  +- D_PSHK_UNARY        
 |  |     |        |       
 |  |     |        +- _DADD               
 |  |     |        |  | 
 |  |     |        |  +- D_PULK               (see above)
 |  |     |        |  |  
 |  |     |        |  +- D_PULL               (see above)
 |  |     |        |  |  
 |  |     |        |  +- D_ADDKL             
 |  |     |        |  |  | 
 |  |     |        |  |  +- D_XGKL              
 |  |     |        |  |  |    
 |  |     |        |  |  +- D_NORMK              (see above)
 |  |     |        |  |     
 |  |     |        |  +- D_PSHK               (see above)
 |  |     |        |     
 |  |     |        +- _COPY                (see above)
 |  |     |        |  
 |  |     |        +- _DSUB               
 |  |     |        |  | 
 |  |     |        |  +- _DADD                (see above)
 |  |     |        |     
 |  |     |        +- _DCMP               
 |  |     |        |    
 |  |     |        +- _LDIVU               (see above)
 |  |     |        |  
 |  |     |        +- _LMODU              
 |  |     |        |  | 
 |  |     |        |  +- _lDivMod             (see above)
 |  |     |        |     
 |  |     |        +- _out                
 |  |     |             
 |  |     +- _minus              
 |  |     |    
 |  |     +- _mult               
 |  |     |    
 |  |     +- _div                
 |  |     |    
 |  |     +- _fetch              
 |  |     |    
 |  |     +- _store              
 |  |     |    
 |  |     +- _greater            
 |  |     |    
 |  |     +- _less               
 |  |     |    
 |  |     +- _equal              
 |  |     |    
 |  |     +- _dup                
 |  |     |    
 |  |     +- _swap               
 |  |     |    
 |  |     +- _rot                
 |  |     |    
 |  |     +- _nrot               
 |  |     |    
 |  |     +- _drop               
 |  |     |    
 |  |     +- _literal            
 |  |     |    
 |  |     +- __literal           
 |  |     |  | 
 |  |     |  +- find_a              
 |  |     |  |  | 
 |  |     |  |  +- strlen               (see above)
 |  |     |  |  |  
 |  |     |  |  +- strncmp             
 |  |     |  |       
 |  |     |  +- get_exec_ptr        
 |  |     |  |    
 |  |     |  +- compile              (see above)
 |  |     |     
 |  |     +- _add_header         
 |  |     |  | 
 |  |     |  +- word                
 |  |     |  |    
 |  |     |  +- add_header           (see above)
 |  |     |     
 |  |     +- _allot              
 |  |     |  | 
 |  |     |  +- alloc_d             
 |  |     |       
 |  |     +- _cells              
 |  |     |    
 |  |     +- _variable           
 |  |     |  | 
 |  |     |  +- word                 (see above)
 |  |     |  |  
 |  |     |  +- add_variable        
 |  |     |     | 
 |  |     |     +- add_header           (see above)
 |  |     |     |  
 |  |     |     +- docol               
 |  |     |     |  | 
 |  |     |     |  +- _ILSEXT              (see above)
 |  |     |     |     
 |  |     |     +- compile              (see above)
 |  |     |     |  
 |  |     |     +- find_a               (see above)
 |  |     |     |  
 |  |     |     +- get_exec_ptr         (see above)
 |  |     |        
 |  |     +- _docol              
 |  |     |  | 
 |  |     |  +- docol                (see above)
 |  |     |  |  
 |  |     |  +- compile              (see above)
 |  |     |     
 |  |     +- _make_immediate     
 |  |     |    
 |  |     +- _postpone           
 |  |     |  | 
 |  |     |  +- word                 (see above)
 |  |     |  |  
 |  |     |  +- find                
 |  |     |  |  | 
 |  |     |  |  +- find_a               (see above)
 |  |     |  |     
 |  |     |  +- find_a               (see above)
 |  |     |  |  
 |  |     |  +- get_exec_ptr         (see above)
 |  |     |  |  
 |  |     |  +- compile              (see above)
 |  |     |     
 |  |     +- _compile_next       
 |  |     |  | 
 |  |     |  +- compile              (see above)
 |  |     |     
 |  |     +- _m_f_ds_t_rs        
 |  |     |    
 |  |     +- _m_f_rs_t_ds        
 |  |     |    
 |  |     +- _c_f_rs_t_ds        
 |  |     |    
 |  |     +- _comma              
 |  |     |  | 
 |  |     |  +- compile              (see above)
 |  |     |     
 |  |     +- _tick               
 |  |     |  | 
 |  |     |  +- word                 (see above)
 |  |     |  |  
 |  |     |  +- find                 (see above)
 |  |     |  |  
 |  |     |  +- get_exec_ptr         (see above)
 |  |     |     
 |  |     +- _colon              
 |  |     |  | 
 |  |     |  +- word                 (see above)
 |  |     |  |  
 |  |     |  +- add_header           (see above)
 |  |     |  |  
 |  |     |  +- docol                (see above)
 |  |     |  |  
 |  |     |  +- compile              (see above)
 |  |     |     
 |  |     +- _semicolon          
 |  |     |  | 
 |  |     |  +- compile              (see above)
 |  |     |     
 |  |     +- _if_c               
 |  |     |  | 
 |  |     |  +- find_a               (see above)
 |  |     |  |  
 |  |     |  +- get_exec_ptr         (see above)
 |  |     |  |  
 |  |     |  +- compile              (see above)
 |  |     |     
 |  |     +- _else_c             
 |  |     |  | 
 |  |     |  +- find_a               (see above)
 |  |     |  |  
 |  |     |  +- get_exec_ptr         (see above)
 |  |     |  |  
 |  |     |  +- compile              (see above)
 |  |     |     
 |  |     +- _then_c             
 |  |     |    
 |  |     +- _jump               
 |  |     |    
 |  |     +- _jump0              
 |  |     |    
 |  |     +- add_variable_d      
 |  |        | 
 |  |        +- add_header           (see above)
 |  |        |  
 |  |        +- docol                (see above)
 |  |        |  
 |  |        +- compile              (see above)
 |  |        |  
 |  |        +- find_a               (see above)
 |  |        |  
 |  |        +- get_exec_ptr         (see above)
 |  |           
 |  +- nrk_start           
 |     | 
 |     +- nrk_get_high_ready_task_ID
 |     |    
 |     +- nrk_target_start    
 |     |  | 
 |     |  +- _nrk_setup_timer    
 |     |  |  | 
 |     |  |  +- _nrk_os_timer_reset 
 |     |  |  |    
 |     |  |  +- _nrk_os_timer_start 
 |     |  |       
 |     |  +- nrk_int_enable       (see above)
 |     |     
 |     +- nrk_stack_pointer_init
 |     |  | 
 |     |  +- _nrk_timer_tick      (recursive dependency)
 |     |     | 
 |     |     +- _nrk_scheduler       (recursive dependency)
 |     |        | 
 |     |        +- nrk_int_disable      (see above)
 |     |        |  
 |     |        +- _nrk_high_speed_timer_reset
 |     |        |    
 |     |        +- _nrk_high_speed_timer_get
 |     |        |    
 |     |        +- _nrk_set_next_wakeup (see above)
 |     |        |  
 |     |        +- _LINC               
 |     |        |    
 |     |        +- _LMODU               (see above)
 |     |        |  
 |     |        +- nrk_rem_from_readyQ 
 |     |        |    
 |     |        +- nrk_kernel_error_add (see above)
 |     |        |  
 |     |        +- _LSHL                (see above)
 |     |        |  
 |     |        +- nrk_add_to_readyQ    (see above)
 |     |        |  
 |     |        +- nrk_get_high_ready_task_ID (see above)
 |     |        |  
 |     |        +- _nrk_os_timer_get    (see above)
 |     |        |  
 |     |        +- nrk_high_speed_timer_wait
 |     |        |  | 
 |     |        |  +- _nrk_high_speed_timer_get (see above)
 |     |        |     
 |     |        +- nrk_stack_pointer_restore (recursive dependency)
 |     |        |  | 
 |     |        |  +- _nrk_timer_tick      (see above) (recursive dependency)
 |     |        |     
 |     |        +- nrk_start_high_ready_task
 |     |             
 |     +- nrk_start_high_ready_task (see above)
 |        
 +- _Startup            
    | 
    +- Init                
    |    
    +- main                 (see above)
       
 _Vector_38          
 | 
 +- CANRx_vect          
    | 
    +- memcpy              
         
 _Vector_15          
 | 
 +- oc5ISR              
      
*********************************************************************************************
STATISTIC SECTION
---------------------------------------------------------------------------------------------

ExeFile:
--------
Number of blocks to be downloaded: 9
Total size of all blocks to be downloaded: 11376

